[]definitions.Vulnerability{
    {
        CVSSv3:                 (*string)(nil),
        AlternativeIds:         (*[]string)(nil),
        CreationTime:           "2025-01-01T12:00:00.000000Z",
        Credit:                 (*[]string)(nil),
        CvssDetails:            (*[]definitions.CVSSDetail)(nil),
        CvssScore:              (*float32)(nil),
        CvssSources:            (*[]definitions.CVSSSource)(nil),
        Description:            "This package contains an AGPL-3.0 license.",
        DisclosureTime:         (*string)(nil),
        EpssDetails:            (*definitions.EPSSDetails)(nil),
        Exploit:                (*string)(nil),
        ExploitDetails:         (*definitions.ExploitDetails)(nil),
        Filtered:               (*definitions.VulnFiltered)(nil),
        FixedIn:                (*[]string)(nil),
        From:                   {"root@1.0.0", "agpl-pkg@2.5.0"},
        Functions:              (*[]definitions.FunctionInfo)(nil),
        FunctionsNew:           (*[]definitions.NewFunctionInfo)(nil),
        Id:                     "snyk:lic:pip:agpl-pkg:AGPL-3.0",
        Identifiers:            (*definitions.Identifiers)(nil),
        Insights:               (*definitions.Insights)(nil),
        IsDisputed:             (*bool)(nil),
        IsPatchable:            false,
        IsPinnable:             (*bool)(nil),
        IsRuntime:              (*bool)(nil),
        IsUpgradable:           false,
        Language:               &"python",
        LegalInstructionsArray: &[]definitions.LegalInstruction{
            {LegalContent:"Review section 13 for network use requirements.", LicenseName:"AGPL-3.0"},
        },
        License:               &"AGPL-3.0",
        Malicious:             (*bool)(nil),
        ModificationTime:      (*string)(nil),
        ModuleName:            (*string)(nil),
        Name:                  "agpl-pkg",
        PackageManager:        &"pip",
        PackageName:           &"agpl-pkg",
        PackagePopularityRank: (*int32)(nil),
        Patch:                 (*[]string)(nil),
        Patches:               (*[]definitions.PatchInfo)(nil),
        Proprietary:           (*bool)(nil),
        PublicationTime:       &"2025-01-01T12:00:00.000000Z",
        Reachability:          (*definitions.Reachability)(nil),
        ReachablePaths:        (*definitions.ReachablePaths)(nil),
        References:            (*[]definitions.Reference)(nil),
        RiskScore:             (*uint16)(nil),
        Semver:                &definitions.SemVerInfo{
            Vulnerable:       {">=2.0.0"},
            VulnerableHashes: (*[]string)(nil),
        },
        Severity:             "high",
        SeverityBasedOn:      (*string)(nil),
        SeverityWithCritical: (*definitions.VulnerabilitySeverity)(nil),
        SocialTrendAlert:     (*bool)(nil),
        Title:                "AGPL-3.0 license",
        Type:                 &"license",
        UpgradePath:          nil,
        Version:              "2.5.0",
    },
}