[]definitions.Vulnerability{
    {
        CVSSv3:         &"CVSS:3.1/AV:N/AC:L/PR:N/UI:N/S:U/C:N/I:H/A:N",
        AlternativeIds: (*[]string)(nil),
        CreationTime:   "2025-06-03T07:41:24.000000Z",
        Credit:         &[]string{"Caleb Brown"},
        CvssDetails:    &[]definitions.CVSSDetail{
        },
        CvssScore:   &float32(8.699999809265137),
        CvssSources: &[]definitions.CVSSSource{
            {
                Assigner:         &"Snyk",
                BaseScore:        &float32(8.699999809265137),
                CvssVersion:      &"4.0",
                ModificationTime: &"2025-06-03T10:14:39.305713Z",
                Severity:         &"high",
                Type:             &"primary",
                Vector:           &"CVSS:4.0/AV:N/AC:L/AT:N/PR:N/UI:N/VC:N/VI:H/VA:N/SC:N/SI:N/SA:N",
            },
            {
                Assigner:         &"Snyk",
                BaseScore:        &float32(7.5),
                CvssVersion:      &"3.1",
                ModificationTime: &"2025-06-03T10:14:39.305713Z",
                Severity:         &"high",
                Type:             &"secondary",
                Vector:           &"CVSS:3.1/AV:N/AC:L/PR:N/UI:N/S:U/C:N/I:H/A:N",
            },
        },
        Description:    "## Overview\n[tar-fs](https://www.npmjs.com/package/tar-fs) is a filesystem bindings for tar-stream.\n\nAffected versions of this package are vulnerable to Improper Link Resolution Before File Access ('Link Following') through the `exports.extract` function. An attacker can manipulate the path of extracted files to write outside the intended directory by crafting a malicious tarball.\r\n\r\n## Workaround \r\nThis vulnerability can be mitigated by using the ignore option to ignore paths like symlinks that are not files/directories.\r\n```js\r\n  ignore (_, header) {\r\n    // pass files & directories, ignore e.g. symlinks\r\n    return header.type !== 'file' && header.type !== 'directory'\r\n  }\r\n```\n\n## Details\n\nA Directory Traversal attack (also known as path traversal) aims to access files and directories that are stored outside the intended folder. By manipulating files with \"dot-dot-slash (../)\" sequences and its variations, or by using absolute file paths, it may be possible to access arbitrary files and directories stored on file system, including application source code, configuration, and other critical system files.\n\nDirectory Traversal vulnerabilities can be generally divided into two types:\n\n- **Information Disclosure**: Allows the attacker to gain information about the folder structure or read the contents of sensitive files on the system.\n\n`st` is a module for serving static files on web pages, and contains a [vulnerability of this type](https://snyk.io/vuln/npm:st:20140206). In our example, we will serve files from the `public` route.\n\nIf an attacker requests the following URL from our server, it will in turn leak the sensitive private key of the root user.\n\n```\ncurl http://localhost:8080/public/%2e%2e/%2e%2e/%2e%2e/%2e%2e/%2e%2e/root/.ssh/id_rsa\n```\n**Note** `%2e` is the URL encoded version of `.` (dot).\n\n- **Writing arbitrary files**: Allows the attacker to create or replace existing files. This type of vulnerability is also known as `Zip-Slip`. \n\nOne way to achieve this is by using a malicious `zip` archive that holds path traversal filenames. When each filename in the zip archive gets concatenated to the target extraction folder, without validation, the final path ends up outside of the target folder. If an executable or a configuration file is overwritten with a file containing malicious code, the problem can turn into an arbitrary code execution issue quite easily.\n\nThe following is an example of a `zip` archive with one benign file and one malicious file. Extracting the malicious file will result in traversing out of the target folder, ending up in `/root/.ssh/` overwriting the `authorized_keys` file:\n\n```\n2018-04-15 22:04:29 .....           19           19  good.txt\n2018-04-15 22:04:42 .....           20           20  ../../../../../../root/.ssh/authorized_keys\n```\n\n## Remediation\nUpgrade `tar-fs` to version 1.16.5, 2.1.3, 3.0.9 or higher.\n## References\n- [GitHub Commit](https://github.com/mafintosh/tar-fs/commit/647447b572bc135c41035e82ca7b894f02b17f0f)\n- [Red Hat Bugzilla Bug](https://bugzilla.redhat.com/show_bug.cgi?id=2369875)\n",
        DisclosureTime: &"2025-06-02T19:43:25.000000Z",
        EpssDetails:    &definitions.EPSSDetails{
            ModelVersion: &"v2025.03.14",
            Percentile:   &"0.30483",
            Probability:  &"0.00112",
        },
        Exploit:        (*string)(nil),
        ExploitDetails: &definitions.ExploitDetails{
            MaturityLevels: {
                {Format:"", Level:"", Type:"secondary"},
                {Format:"CVSSv4", Level:"not defined", Type:"primary"},
            },
            Sources: {},
        },
        Filtered:     (*definitions.VulnFiltered)(nil),
        FixedIn:      &[]string{"1.16.5", "2.1.3", "3.0.9"},
        From:         {"v2@*", "@yao-pkg/pkg@6.5.0", "prebuild-install@7.1.3", "tar-fs@2.1.2"},
        Functions:    (*[]definitions.FunctionInfo)(nil),
        FunctionsNew: (*[]definitions.NewFunctionInfo)(nil),
        Id:           "SNYK-JS-TARFS-10293725",
        Identifiers:  &definitions.Identifiers{
            ALTERNATIVE: (*[]string)(nil),
            CVE:         {"CVE-2025-48387"},
            CWE:         {"CWE-59", "CWE-22"},
            GHSA:        (*[]string)(nil),
            NSP:         (*[]string)(nil),
            SNYK:        (*[]string)(nil),
        },
        Insights:              (*definitions.Insights)(nil),
        IsDisputed:            (*bool)(nil),
        IsPatchable:           false,
        IsPinnable:            (*bool)(nil),
        IsRuntime:             (*bool)(nil),
        IsUpgradable:          false,
        Language:              &"js",
        License:               (*string)(nil),
        Malicious:             &bool(false),
        ModificationTime:      &"2025-06-03T10:14:39.000000Z",
        ModuleName:            (*string)(nil),
        Name:                  "tar-fs",
        PackageManager:        &"npm",
        PackageName:           &"tar-fs",
        PackagePopularityRank: (*int32)(nil),
        Patch:                 (*[]string)(nil),
        Patches:               (*[]definitions.PatchInfo)(nil),
        Proprietary:           (*bool)(nil),
        PublicationTime:       &"2025-06-03T10:14:39.000000Z",
        Reachability:          (*definitions.Reachability)(nil),
        References:            &[]definitions.Reference{
            {Title:"GitHub Commit", Url:"https://github.com/mafintosh/tar-fs/commit/647447b572bc135c41035e82ca7b894f02b17f0f"},
            {Title:"Red Hat Bugzilla Bug", Url:"https://bugzilla.redhat.com/show_bug.cgi?id=2369875"},
        },
        RiskScore: &uint16(0x7c),
        Semver:    &definitions.SemVerInfo{
            Vulnerable:       {"<1.16.5", ">=2.0.0 <2.1.3", ">=3.0.0 <3.0.9"},
            VulnerableHashes: (*[]string)(nil),
        },
        Severity:             "high",
        SeverityBasedOn:      (*string)(nil),
        SeverityWithCritical: (*definitions.VulnerabilitySeverity)(nil),
        SocialTrendAlert:     &bool(false),
        Title:                "Improper Link Resolution Before File Access ('Link Following')",
        Type:                 (*definitions.VulnerabilityType)(nil),
        UpgradePath:          nil,
        Version:              "2.1.2",
    },
    {
        CVSSv3:         &"CVSS:3.1/AV:N/AC:L/PR:N/UI:N/S:U/C:N/I:H/A:N",
        AlternativeIds: (*[]string)(nil),
        CreationTime:   "2025-06-03T07:41:24.000000Z",
        Credit:         &[]string{"Caleb Brown"},
        CvssDetails:    &[]definitions.CVSSDetail{
        },
        CvssScore:   &float32(8.699999809265137),
        CvssSources: &[]definitions.CVSSSource{
            {
                Assigner:         &"Snyk",
                BaseScore:        &float32(8.699999809265137),
                CvssVersion:      &"4.0",
                ModificationTime: &"2025-06-03T10:14:39.305713Z",
                Severity:         &"high",
                Type:             &"primary",
                Vector:           &"CVSS:4.0/AV:N/AC:L/AT:N/PR:N/UI:N/VC:N/VI:H/VA:N/SC:N/SI:N/SA:N",
            },
            {
                Assigner:         &"Snyk",
                BaseScore:        &float32(7.5),
                CvssVersion:      &"3.1",
                ModificationTime: &"2025-06-03T10:14:39.305713Z",
                Severity:         &"high",
                Type:             &"secondary",
                Vector:           &"CVSS:3.1/AV:N/AC:L/PR:N/UI:N/S:U/C:N/I:H/A:N",
            },
        },
        Description:    "## Overview\n[tar-fs](https://www.npmjs.com/package/tar-fs) is a filesystem bindings for tar-stream.\n\nAffected versions of this package are vulnerable to Improper Link Resolution Before File Access ('Link Following') through the `exports.extract` function. An attacker can manipulate the path of extracted files to write outside the intended directory by crafting a malicious tarball.\r\n\r\n## Workaround \r\nThis vulnerability can be mitigated by using the ignore option to ignore paths like symlinks that are not files/directories.\r\n```js\r\n  ignore (_, header) {\r\n    // pass files & directories, ignore e.g. symlinks\r\n    return header.type !== 'file' && header.type !== 'directory'\r\n  }\r\n```\n\n## Details\n\nA Directory Traversal attack (also known as path traversal) aims to access files and directories that are stored outside the intended folder. By manipulating files with \"dot-dot-slash (../)\" sequences and its variations, or by using absolute file paths, it may be possible to access arbitrary files and directories stored on file system, including application source code, configuration, and other critical system files.\n\nDirectory Traversal vulnerabilities can be generally divided into two types:\n\n- **Information Disclosure**: Allows the attacker to gain information about the folder structure or read the contents of sensitive files on the system.\n\n`st` is a module for serving static files on web pages, and contains a [vulnerability of this type](https://snyk.io/vuln/npm:st:20140206). In our example, we will serve files from the `public` route.\n\nIf an attacker requests the following URL from our server, it will in turn leak the sensitive private key of the root user.\n\n```\ncurl http://localhost:8080/public/%2e%2e/%2e%2e/%2e%2e/%2e%2e/%2e%2e/root/.ssh/id_rsa\n```\n**Note** `%2e` is the URL encoded version of `.` (dot).\n\n- **Writing arbitrary files**: Allows the attacker to create or replace existing files. This type of vulnerability is also known as `Zip-Slip`. \n\nOne way to achieve this is by using a malicious `zip` archive that holds path traversal filenames. When each filename in the zip archive gets concatenated to the target extraction folder, without validation, the final path ends up outside of the target folder. If an executable or a configuration file is overwritten with a file containing malicious code, the problem can turn into an arbitrary code execution issue quite easily.\n\nThe following is an example of a `zip` archive with one benign file and one malicious file. Extracting the malicious file will result in traversing out of the target folder, ending up in `/root/.ssh/` overwriting the `authorized_keys` file:\n\n```\n2018-04-15 22:04:29 .....           19           19  good.txt\n2018-04-15 22:04:42 .....           20           20  ../../../../../../root/.ssh/authorized_keys\n```\n\n## Remediation\nUpgrade `tar-fs` to version 1.16.5, 2.1.3, 3.0.9 or higher.\n## References\n- [GitHub Commit](https://github.com/mafintosh/tar-fs/commit/647447b572bc135c41035e82ca7b894f02b17f0f)\n- [Red Hat Bugzilla Bug](https://bugzilla.redhat.com/show_bug.cgi?id=2369875)\n",
        DisclosureTime: &"2025-06-02T19:43:25.000000Z",
        EpssDetails:    &definitions.EPSSDetails{
            ModelVersion: &"v2025.03.14",
            Percentile:   &"0.30483",
            Probability:  &"0.00112",
        },
        Exploit:        (*string)(nil),
        ExploitDetails: &definitions.ExploitDetails{
            MaturityLevels: {
                {Format:"", Level:"", Type:"secondary"},
                {Format:"CVSSv4", Level:"not defined", Type:"primary"},
            },
            Sources: {},
        },
        Filtered:     (*definitions.VulnFiltered)(nil),
        FixedIn:      &[]string{"1.16.5", "2.1.3", "3.0.9"},
        From:         {"v2@", "@yao-pkg/pkg@6.5.0", "@yao-pkg/pkg-fetch@3.5.22", "tar-fs@2.1.2"},
        Functions:    (*[]definitions.FunctionInfo)(nil),
        FunctionsNew: (*[]definitions.NewFunctionInfo)(nil),
        Id:           "SNYK-JS-TARFS-10293725",
        Identifiers:  &definitions.Identifiers{
            ALTERNATIVE: (*[]string)(nil),
            CVE:         {"CVE-2025-48387"},
            CWE:         {"CWE-59", "CWE-22"},
            GHSA:        (*[]string)(nil),
            NSP:         (*[]string)(nil),
            SNYK:        (*[]string)(nil),
        },
        Insights:              (*definitions.Insights)(nil),
        IsDisputed:            (*bool)(nil),
        IsPatchable:           false,
        IsPinnable:            (*bool)(nil),
        IsRuntime:             (*bool)(nil),
        IsUpgradable:          false,
        Language:              &"js",
        License:               (*string)(nil),
        Malicious:             &bool(false),
        ModificationTime:      &"2025-06-03T10:14:39.000000Z",
        ModuleName:            (*string)(nil),
        Name:                  "tar-fs",
        PackageManager:        &"npm",
        PackageName:           &"tar-fs",
        PackagePopularityRank: (*int32)(nil),
        Patch:                 (*[]string)(nil),
        Patches:               (*[]definitions.PatchInfo)(nil),
        Proprietary:           (*bool)(nil),
        PublicationTime:       &"2025-06-03T10:14:39.000000Z",
        Reachability:          (*definitions.Reachability)(nil),
        References:            &[]definitions.Reference{
            {Title:"GitHub Commit", Url:"https://github.com/mafintosh/tar-fs/commit/647447b572bc135c41035e82ca7b894f02b17f0f"},
            {Title:"Red Hat Bugzilla Bug", Url:"https://bugzilla.redhat.com/show_bug.cgi?id=2369875"},
        },
        RiskScore: &uint16(0x7c),
        Semver:    &definitions.SemVerInfo{
            Vulnerable:       {"<1.16.5", ">=2.0.0 <2.1.3", ">=3.0.0 <3.0.9"},
            VulnerableHashes: (*[]string)(nil),
        },
        Severity:             "high",
        SeverityBasedOn:      (*string)(nil),
        SeverityWithCritical: (*definitions.VulnerabilitySeverity)(nil),
        SocialTrendAlert:     &bool(false),
        Title:                "Improper Link Resolution Before File Access ('Link Following')",
        Type:                 (*definitions.VulnerabilityType)(nil),
        UpgradePath:          nil,
        Version:              "2.1.2",
    },
}