[]definitions.Vulnerability{
    {
        CVSSv3:                 (*string)(nil),
        AlternativeIds:         (*[]string)(nil),
        CreationTime:           "2025-01-01T12:00:00.000000Z",
        Credit:                 (*[]string)(nil),
        CvssDetails:            (*[]definitions.CVSSDetail)(nil),
        CvssScore:              (*float32)(nil),
        CvssSources:            (*[]definitions.CVSSSource)(nil),
        Description:            "This package contains an MIT license.",
        DisclosureTime:         (*string)(nil),
        EpssDetails:            (*definitions.EPSSDetails)(nil),
        Exploit:                (*string)(nil),
        ExploitDetails:         (*definitions.ExploitDetails)(nil),
        Filtered:               (*definitions.VulnFiltered)(nil),
        FixedIn:                (*[]string)(nil),
        From:                   {"root@1.0.0", "mit-pkg@3.2.1"},
        Functions:              (*[]definitions.FunctionInfo)(nil),
        FunctionsNew:           (*[]definitions.NewFunctionInfo)(nil),
        Id:                     "snyk:lic:pip:mit-pkg:MIT",
        Identifiers:            (*definitions.Identifiers)(nil),
        Insights:               (*definitions.Insights)(nil),
        IsDisputed:             (*bool)(nil),
        IsPatchable:            false,
        IsPinnable:             (*bool)(nil),
        IsRuntime:              (*bool)(nil),
        IsUpgradable:           false,
        Language:               &"python",
        LegalInstructionsArray: (*[]definitions.LegalInstruction)(nil),
        License:                &"MIT",
        Malicious:              (*bool)(nil),
        ModificationTime:       (*string)(nil),
        ModuleName:             (*string)(nil),
        Name:                   "mit-pkg",
        PackageManager:         &"pip",
        PackageName:            &"mit-pkg",
        PackagePopularityRank:  (*int32)(nil),
        Patch:                  (*[]string)(nil),
        Patches:                (*[]definitions.PatchInfo)(nil),
        Proprietary:            (*bool)(nil),
        PublicationTime:        &"2025-01-01T12:00:00.000000Z",
        Reachability:           (*definitions.Reachability)(nil),
        ReachablePaths:         (*definitions.ReachablePaths)(nil),
        References:             (*[]definitions.Reference)(nil),
        RiskScore:              (*uint16)(nil),
        Semver:                 &definitions.SemVerInfo{
            Vulnerable:       {">=3.0.0"},
            VulnerableHashes: (*[]string)(nil),
        },
        Severity:             "low",
        SeverityBasedOn:      (*string)(nil),
        SeverityWithCritical: (*definitions.VulnerabilitySeverity)(nil),
        SocialTrendAlert:     (*bool)(nil),
        Title:                "MIT license",
        Type:                 &"license",
        UpgradePath:          nil,
        Version:              "3.2.1",
    },
}