[]definitions.Vulnerability{
    {
        CVSSv3:                 (*string)(nil),
        AlternativeIds:         (*[]string)(nil),
        CreationTime:           "2025-01-01T12:00:00.000000Z",
        Credit:                 (*[]string)(nil),
        CvssDetails:            (*[]definitions.CVSSDetail)(nil),
        CvssScore:              (*float32)(nil),
        CvssSources:            (*[]definitions.CVSSSource)(nil),
        Description:            "This package contains a dual license.",
        DisclosureTime:         (*string)(nil),
        EpssDetails:            (*definitions.EPSSDetails)(nil),
        Exploit:                (*string)(nil),
        ExploitDetails:         (*definitions.ExploitDetails)(nil),
        Filtered:               (*definitions.VulnFiltered)(nil),
        FixedIn:                (*[]string)(nil),
        From:                   {"root@1.0.0", "dual-pkg@1.0.0"},
        Functions:              (*[]definitions.FunctionInfo)(nil),
        FunctionsNew:           (*[]definitions.NewFunctionInfo)(nil),
        Id:                     "snyk:lic:pip:dual-pkg:GPL-3.0-OR-MIT",
        Identifiers:            (*definitions.Identifiers)(nil),
        Insights:               (*definitions.Insights)(nil),
        IsDisputed:             (*bool)(nil),
        IsPatchable:            false,
        IsPinnable:             (*bool)(nil),
        IsRuntime:              (*bool)(nil),
        IsUpgradable:           false,
        Language:               &"python",
        LegalInstructionsArray: &[]definitions.LegalInstruction{
            {LegalContent:"Consult your legal team before distribution.", LicenseName:"GPL-3.0"},
            {LegalContent:"Include the copyright notice and permission notice in all copies.", LicenseName:"MIT"},
        },
        License:               &"GPL-3.0 OR MIT",
        Malicious:             (*bool)(nil),
        ModificationTime:      (*string)(nil),
        ModuleName:            (*string)(nil),
        Name:                  "dual-pkg",
        PackageManager:        &"pip",
        PackageName:           &"dual-pkg",
        PackagePopularityRank: (*int32)(nil),
        Patch:                 (*[]string)(nil),
        Patches:               (*[]definitions.PatchInfo)(nil),
        Proprietary:           (*bool)(nil),
        PublicationTime:       &"2025-01-01T12:00:00.000000Z",
        Reachability:          (*definitions.Reachability)(nil),
        References:            (*[]definitions.Reference)(nil),
        RiskScore:             (*uint16)(nil),
        Semver:                &definitions.SemVerInfo{
            Vulnerable:       {">=1.0.0"},
            VulnerableHashes: (*[]string)(nil),
        },
        Severity:             "high",
        SeverityBasedOn:      (*string)(nil),
        SeverityWithCritical: (*definitions.VulnerabilitySeverity)(nil),
        SocialTrendAlert:     (*bool)(nil),
        Title:                "GPL-3.0 OR MIT license",
        Type:                 &"license",
        UpgradePath:          nil,
        Version:              "1.0.0",
    },
}