[TestUnifiedFindingPresenter_CliOutput/snapshot_test_of_human-readable_output - 1]

Testing  ...

Open issues: 1

 âœ— [HIGH] High severity vulnerability
   Finding ID: SNYK-JS-VM2-5537100
   Info: https://snyk.io/vuln/SNYK-JS-VM2-5537100
   Risk Score: 780


License issues: 1

 âœ— [MEDIUM] LGPL-3.0 license
   Finding ID: snyk:lic:npm:web3-core:LGPL-3.0
   Info: https://snyk.io/vuln/snyk:lic:npm:web3-core:LGPL-3.0


â•­â”€â”€â”€â”€â”€â”€â”€â”€â”€â”€â”€â”€â”€â”€â”€â”€â”€â”€â”€â”€â”€â”€â”€â”€â”€â”€â”€â”€â”€â”€â”€â”€â”€â”€â”€â”€â”€â”€â”€â”€â”€â”€â”€â”€â”€â”€â”€â”€â”€â”€â”€â”€â”€â”€â”€â”€â”€â”€â”€â”€â”€â”€â”€â”€â•®
â”‚ Test Summary                                                   â”‚
â”‚                                                                â”‚
â”‚   Organization:                                                â”‚
â”‚   Test type:         open-source                               â”‚
â”‚   Project path:                                                â”‚
â”‚                                                                â”‚
â”‚   Total issues:   2                                            â”‚
â”‚   Ignored issues: 0 [ 0 CRITICAL  0 HIGH  0 MEDIUM  0 LOW ]    â”‚
â”‚   Open issues:    2 [ 0 CRITICAL  1 HIGH  1 MEDIUM  0 LOW ]    â”‚
â•°â”€â”€â”€â”€â”€â”€â”€â”€â”€â”€â”€â”€â”€â”€â”€â”€â”€â”€â”€â”€â”€â”€â”€â”€â”€â”€â”€â”€â”€â”€â”€â”€â”€â”€â”€â”€â”€â”€â”€â”€â”€â”€â”€â”€â”€â”€â”€â”€â”€â”€â”€â”€â”€â”€â”€â”€â”€â”€â”€â”€â”€â”€â”€â”€â•¯
ðŸ’¡ Tip

   To view ignored issues, use the --include-ignores option.
                                                            

---
